Creating test database for alias 'default'...
EEWARNING 2026-08-03 11:32:40,476 log 84894 123594898530432 Forbidden: /api/analytics/flight-occupancy/
.....WARNING 2026-08-03 11:32:43,438 log 84894 123594898530432 Forbidden: /api/analytics/monthly-revenue/
....WARNING 2026-08-03 11:32:45,969 log 84894 123594898530432 Forbidden: /api/analytics/peak-booking-hours/
....WARNING 2026-08-03 11:32:48,399 log 84894 123594898530432 Unauthorized: /api/analytics/peak-booking-hours/
.WARNING 2026-08-03 11:32:48,970 log 84894 123594898530432 Forbidden: /api/analytics/popular-routes/
......WARNING 2026-08-03 11:32:52,542 log 84894 123594898530432 Forbidden: /api/analytics/summary/
..WARNING 2026-08-03 11:32:53,693 log 84894 123594898530432 Unauthorized: /api/analytics/summary/
...WARNING 2026-08-03 11:32:54,959 log 84894 123594898530432 Bad Request: /api/bookings/579e8386-52cf-4ad3-a322-53fc5faaba88/cancel/
..WARNING 2026-08-03 11:32:56,141 log 84894 123594898530432 Bad Request: /api/bookings/be596e5f-e12d-4c22-8fd4-59d1582b0f9d/cancel/
...WARNING 2026-08-03 11:32:57,994 log 84894 123594898530432 Not Found: /api/bookings/a6f2621f-c320-433f-873e-35dc191300b6/
..WARNING 2026-08-03 11:32:59,175 log 84894 123594898530432 Unauthorized: /api/bookings/
.EEFFFE.F...WARNING 2026-08-03 11:33:02,864 log 84894 123594898530432 Bad Request: /api/bookings/
.WARNING 2026-08-03 11:33:03,160 log 84894 123594898530432 Bad Request: /api/bookings/
.WARNING 2026-08-03 11:33:03,484 log 84894 123594898530432 Bad Request: /api/bookings/
.WARNING 2026-08-03 11:33:03,790 log 84894 123594898530432 Bad Request: /api/bookings/
...WARNING 2026-08-03 11:33:04,708 log 84894 123594898530432 Unauthorized: /api/bookings/
........................WARNING 2026-08-03 11:33:12,215 log 84894 123594898530432 Bad Request: /api/flights/v2/fares/
..WARNING 2026-08-03 11:33:12,814 log 84894 123594898530432 Bad Request: /api/flights/v2/flight-instances/1/generate-seats/
.....WARNING 2026-08-03 11:33:15,518 log 84894 123594898530432 Unauthorized: /api/flights/
.WARNING 2026-08-03 11:33:16,606 log 84894 123594898530432 Forbidden: /api/flights/
.WARNING 2026-08-03 11:33:17,602 log 84894 123594898530432 Bad Request: /api/flights/
.WARNING 2026-08-03 11:33:18,484 log 84894 123594898530432 Bad Request: /api/flights/
.WARNING 2026-08-03 11:33:19,366 log 84894 123594898530432 Bad Request: /api/flights/
.WARNING 2026-08-03 11:33:20,382 log 84894 123594898530432 Bad Request: /api/flights/
.WARNING 2026-08-03 11:33:21,365 log 84894 123594898530432 Bad Request: /api/flights/
...WARNING 2026-08-03 11:33:24,367 log 84894 123594898530432 Unauthorized: /api/flights/2c47e95b-4b50-4923-856f-4595f2365ad7/
.WARNING 2026-08-03 11:33:25,253 log 84894 123594898530432 Forbidden: /api/flights/a5faaca0-4b93-4c1a-8ea0-6d75815dab97/
...WARNING 2026-08-03 11:33:28,113 log 84894 123594898530432 Not Found: /api/flights/737f8bd0-a940-4247-ab3f-f5f94b2b381c/
..WARNING 2026-08-03 11:33:30,051 log 84894 123594898530432 Unauthorized: /api/flights/92236669-4a71-4712-abab-b61870a904b5/update/
.WARNING 2026-08-03 11:33:30,926 log 84894 123594898530432 Forbidden: /api/flights/7d7bdb7c-531e-4124-8bfe-94719ed006c6/update/
.WARNING 2026-08-03 11:33:31,814 log 84894 123594898530432 Bad Request: /api/flights/6c363fb9-286d-4aa9-bef5-e642ee69dac4/update/
.WARNING 2026-08-03 11:33:32,669 log 84894 123594898530432 Bad Request: /api/flights/c7cacb18-971d-4af4-813a-3d73f46c97f6/update/
..WARNING 2026-08-03 11:33:34,412 log 84894 123594898530432 Not Found: /api/flights/0e94db94-fbbd-44f2-bd2d-83aa28c616db/update/
.FWARNING 2026-08-03 11:33:36,193 log 84894 123594898530432 Unauthorized: /api/flights/df60c92c-f9c5-4c44-a811-2eaf18135ded/update/
.WARNING 2026-08-03 11:33:37,059 log 84894 123594898530432 Forbidden: /api/flights/94e772de-7160-4e80-857f-7ab684c79b17/update/
.WARNING 2026-08-03 11:33:37,925 log 84894 123594898530432 Bad Request: /api/flights/4d2c4205-4df7-44de-a584-c48fb65343e4/update/
..WARNING 2026-08-03 11:33:39,726 log 84894 123594898530432 Not Found: /api/flights/5633641d-6712-45cc-8200-e31e21a22017/update/
.............WARNING 2026-08-03 11:33:45,292 log 84894 123594898530432 Bad Request: /api/auth/change-password/
..WARNING 2026-08-03 11:33:47,306 log 84894 123594898530432 Unauthorized: /api/auth/change-password/
.WARNING 2026-08-03 11:33:47,880 log 84894 123594898530432 Bad Request: /api/auth/change-password/
.WARNING 2026-08-03 11:33:48,751 log 84894 123594898530432 Bad Request: /api/auth/change-password/
........WARNING 2026-08-03 11:33:53,781 log 84894 123594898530432 Bad Request: /api/waitlist/7624cede-b1c8-4ebd-a4ff-2eb0e054efa4/cancel/
.WARNING 2026-08-03 11:33:54,639 log 84894 123594898530432 Bad Request: /api/waitlist/join/
FWARNING 2026-08-03 11:33:55,603 log 84894 123594898530432 Bad Request: /api/waitlist/join/
.WARNING 2026-08-03 11:33:56,473 log 84894 123594898530432 Bad Request: /api/waitlist/join/
WARNING 2026-08-03 11:33:56,473 log 84894 123594898530432 Bad Request: /api/waitlist/join/
WARNING 2026-08-03 11:33:56,474 log 84894 123594898530432 Bad Request: /api/waitlist/join/
..WARNING 2026-08-03 11:33:58,208 log 84894 123594898530432 Bad Request: /api/waitlist/join/
.WARNING 2026-08-03 11:33:59,105 log 84894 123594898530432 Unauthorized: /api/waitlist/
...WARNING 2026-08-03 11:34:01,797 log 84894 123594898530432 Forbidden: /api/waitlist/b5ea179d-cfb8-47ea-88cd-b92846aae8b1/
..
======================================================================
ERROR: test (unittest.loader._FailedTest.test)
----------------------------------------------------------------------
ImportError: Failed to import test module: test
Traceback (most recent call last):
  File "/usr/lib/python3.12/urllib/request.py", line 1344, in do_open
    h.request(req.get_method(), req.selector, req.data, headers,
  File "/usr/lib/python3.12/http/client.py", line 1365, in request
    self._send_request(method, url, body, headers, encode_chunked)
  File "/usr/lib/python3.12/http/client.py", line 1411, in _send_request
    self.endheaders(body, encode_chunked=encode_chunked)
  File "/usr/lib/python3.12/http/client.py", line 1360, in endheaders
    self._send_output(message_body, encode_chunked=encode_chunked)
  File "/usr/lib/python3.12/http/client.py", line 1120, in _send_output
    self.send(msg)
  File "/usr/lib/python3.12/http/client.py", line 1064, in send
    self.connect()
  File "/usr/lib/python3.12/http/client.py", line 1030, in connect
    self.sock = self._create_connection(
                ^^^^^^^^^^^^^^^^^^^^^^^^
  File "/usr/lib/python3.12/socket.py", line 852, in create_connection
    raise exceptions[0]
  File "/usr/lib/python3.12/socket.py", line 837, in create_connection
    sock.connect(sa)
ConnectionRefusedError: [Errno 111] Connection refused

During handling of the above exception, another exception occurred:

Traceback (most recent call last):
  File "/usr/lib/python3.12/unittest/loader.py", line 394, in _find_test_path
    module = self._get_module_from_name(name)
             ^^^^^^^^^^^^^^^^^^^^^^^^^^^^^^^^
  File "/usr/lib/python3.12/unittest/loader.py", line 337, in _get_module_from_name
    __import__(name)
  File "/home/adersha/MAIN PROJECT/flight-reservation-system/backend/test.py", line 4, in <module>
    resp = urllib.request.urlopen(req)
           ^^^^^^^^^^^^^^^^^^^^^^^^^^^
  File "/usr/lib/python3.12/urllib/request.py", line 215, in urlopen
    return opener.open(url, data, timeout)
           ^^^^^^^^^^^^^^^^^^^^^^^^^^^^^^^
  File "/usr/lib/python3.12/urllib/request.py", line 515, in open
    response = self._open(req, data)
               ^^^^^^^^^^^^^^^^^^^^^
  File "/usr/lib/python3.12/urllib/request.py", line 532, in _open
    result = self._call_chain(self.handle_open, protocol, protocol +
             ^^^^^^^^^^^^^^^^^^^^^^^^^^^^^^^^^^^^^^^^^^^^^^^^^^^^^^^
  File "/usr/lib/python3.12/urllib/request.py", line 492, in _call_chain
    result = func(*args)
             ^^^^^^^^^^^
  File "/usr/lib/python3.12/urllib/request.py", line 1373, in http_open
    return self.do_open(http.client.HTTPConnection, req)
           ^^^^^^^^^^^^^^^^^^^^^^^^^^^^^^^^^^^^^^^^^^^^^
  File "/usr/lib/python3.12/urllib/request.py", line 1347, in do_open
    raise URLError(err)
urllib.error.URLError: <urlopen error [Errno 111] Connection refused>


======================================================================
ERROR: test_api (unittest.loader._FailedTest.test_api)
----------------------------------------------------------------------
ImportError: Failed to import test module: test_api
Traceback (most recent call last):
  File "/home/adersha/MAIN PROJECT/flight-reservation-system/backend/venv/lib/python3.12/site-packages/urllib3/connection.py", line 204, in _new_conn
    sock = connection.create_connection(
           ^^^^^^^^^^^^^^^^^^^^^^^^^^^^^
  File "/home/adersha/MAIN PROJECT/flight-reservation-system/backend/venv/lib/python3.12/site-packages/urllib3/util/connection.py", line 85, in create_connection
    raise err
  File "/home/adersha/MAIN PROJECT/flight-reservation-system/backend/venv/lib/python3.12/site-packages/urllib3/util/connection.py", line 73, in create_connection
    sock.connect(sa)
ConnectionRefusedError: [Errno 111] Connection refused

The above exception was the direct cause of the following exception:

Traceback (most recent call last):
  File "/home/adersha/MAIN PROJECT/flight-reservation-system/backend/venv/lib/python3.12/site-packages/urllib3/connectionpool.py", line 788, in urlopen
    response = self._make_request(
               ^^^^^^^^^^^^^^^^^^^
  File "/home/adersha/MAIN PROJECT/flight-reservation-system/backend/venv/lib/python3.12/site-packages/urllib3/connectionpool.py", line 493, in _make_request
    conn.request(
  File "/home/adersha/MAIN PROJECT/flight-reservation-system/backend/venv/lib/python3.12/site-packages/urllib3/connection.py", line 500, in request
    self.endheaders()
  File "/usr/lib/python3.12/http/client.py", line 1360, in endheaders
    self._send_output(message_body, encode_chunked=encode_chunked)
  File "/usr/lib/python3.12/http/client.py", line 1120, in _send_output
    self.send(msg)
  File "/usr/lib/python3.12/http/client.py", line 1064, in send
    self.connect()
  File "/home/adersha/MAIN PROJECT/flight-reservation-system/backend/venv/lib/python3.12/site-packages/urllib3/connection.py", line 331, in connect
    self.sock = self._new_conn()
                ^^^^^^^^^^^^^^^^
  File "/home/adersha/MAIN PROJECT/flight-reservation-system/backend/venv/lib/python3.12/site-packages/urllib3/connection.py", line 219, in _new_conn
    raise NewConnectionError(
urllib3.exceptions.NewConnectionError: HTTPConnection(host='127.0.0.1', port=8000): Failed to establish a new connection: [Errno 111] Connection refused

The above exception was the direct cause of the following exception:

Traceback (most recent call last):
  File "/home/adersha/MAIN PROJECT/flight-reservation-system/backend/venv/lib/python3.12/site-packages/requests/adapters.py", line 696, in send
    resp = conn.urlopen(
           ^^^^^^^^^^^^^
  File "/home/adersha/MAIN PROJECT/flight-reservation-system/backend/venv/lib/python3.12/site-packages/urllib3/connectionpool.py", line 842, in urlopen
    retries = retries.increment(
              ^^^^^^^^^^^^^^^^^^
  File "/home/adersha/MAIN PROJECT/flight-reservation-system/backend/venv/lib/python3.12/site-packages/urllib3/util/retry.py", line 543, in increment
    raise MaxRetryError(_pool, url, reason) from reason  # type: ignore[arg-type]
    ^^^^^^^^^^^^^^^^^^^^^^^^^^^^^^^^^^^^^^^^^^^^^^^^^^^
urllib3.exceptions.MaxRetryError: HTTPConnectionPool(host='127.0.0.1', port=8000): Max retries exceeded with url: /flights/v2/seats/?flight_instance=8&page_size=2000 (Caused by NewConnectionError("HTTPConnection(host='127.0.0.1', port=8000): Failed to establish a new connection: [Errno 111] Connection refused"))

During handling of the above exception, another exception occurred:

Traceback (most recent call last):
  File "/usr/lib/python3.12/unittest/loader.py", line 394, in _find_test_path
    module = self._get_module_from_name(name)
             ^^^^^^^^^^^^^^^^^^^^^^^^^^^^^^^^
  File "/usr/lib/python3.12/unittest/loader.py", line 337, in _get_module_from_name
    __import__(name)
  File "/home/adersha/MAIN PROJECT/flight-reservation-system/backend/test_api.py", line 3, in <module>
    response = requests.get('http://127.0.0.1:8000/flights/v2/seats/?flight_instance=8&page_size=2000', headers={'Authorization': 'Bearer test'})
               ^^^^^^^^^^^^^^^^^^^^^^^^^^^^^^^^^^^^^^^^^^^^^^^^^^^^^^^^^^^^^^^^^^^^^^^^^^^^^^^^^^^^^^^^^^^^^^^^^^^^^^^^^^^^^^^^^^^^^^^^^^^^^^^^^^
  File "/home/adersha/MAIN PROJECT/flight-reservation-system/backend/venv/lib/python3.12/site-packages/requests/api.py", line 87, in get
    return request("get", url, params=params, **kwargs)
           ^^^^^^^^^^^^^^^^^^^^^^^^^^^^^^^^^^^^^^^^^^^^
  File "/home/adersha/MAIN PROJECT/flight-reservation-system/backend/venv/lib/python3.12/site-packages/requests/api.py", line 71, in request
    return session.request(method=method, url=url, **kwargs)
           ^^^^^^^^^^^^^^^^^^^^^^^^^^^^^^^^^^^^^^^^^^^^^^^^^
  File "/home/adersha/MAIN PROJECT/flight-reservation-system/backend/venv/lib/python3.12/site-packages/requests/sessions.py", line 651, in request
    resp = self.send(prep, **send_kwargs)
           ^^^^^^^^^^^^^^^^^^^^^^^^^^^^^^
  File "/home/adersha/MAIN PROJECT/flight-reservation-system/backend/venv/lib/python3.12/site-packages/requests/sessions.py", line 784, in send
    r = adapter.send(request, **kwargs)
        ^^^^^^^^^^^^^^^^^^^^^^^^^^^^^^^
  File "/home/adersha/MAIN PROJECT/flight-reservation-system/backend/venv/lib/python3.12/site-packages/requests/adapters.py", line 729, in send
    raise ConnectionError(e, request=request)
requests.exceptions.ConnectionError: HTTPConnectionPool(host='127.0.0.1', port=8000): Max retries exceeded with url: /flights/v2/seats/?flight_instance=8&page_size=2000 (Caused by NewConnectionError("HTTPConnection(host='127.0.0.1', port=8000): Failed to establish a new connection: [Errno 111] Connection refused"))


======================================================================
ERROR: test_service_creates_booking (apps.bookings.tests.test_views.CreateBookingServiceTests.test_service_creates_booking)
----------------------------------------------------------------------
Traceback (most recent call last):
  File "/home/adersha/MAIN PROJECT/flight-reservation-system/backend/apps/bookings/services.py", line 33, in create_booking
    resolved_flight_instance = _FI.objects.select_related('flight').get(pk=instance_pk)
                               ^^^^^^^^^^^^^^^^^^^^^^^^^^^^^^^^^^^^^^^^^^^^^^^^^^^^^^^^
  File "/home/adersha/MAIN PROJECT/flight-reservation-system/backend/venv/lib/python3.12/site-packages/django/db/models/query.py", line 633, in get
    raise self.model.DoesNotExist(
apps.flights.models.FlightInstance.DoesNotExist: FlightInstance matching query does not exist.

During handling of the above exception, another exception occurred:

Traceback (most recent call last):
  File "/home/adersha/MAIN PROJECT/flight-reservation-system/backend/apps/bookings/tests/test_views.py", line 368, in test_service_creates_booking
    booking = create_booking(self.flight.id, self.user, self.passengers)
              ^^^^^^^^^^^^^^^^^^^^^^^^^^^^^^^^^^^^^^^^^^^^^^^^^^^^^^^^^^
  File "/home/adersha/MAIN PROJECT/flight-reservation-system/backend/apps/bookings/services.py", line 57, in create_booking
    raise ValidationError("Flight not found.")
django.core.exceptions.ValidationError: ['Flight not found.']

======================================================================
ERROR: test_service_decrements_seats (apps.bookings.tests.test_views.CreateBookingServiceTests.test_service_decrements_seats)
----------------------------------------------------------------------
Traceback (most recent call last):
  File "/home/adersha/MAIN PROJECT/flight-reservation-system/backend/apps/bookings/services.py", line 33, in create_booking
    resolved_flight_instance = _FI.objects.select_related('flight').get(pk=instance_pk)
                               ^^^^^^^^^^^^^^^^^^^^^^^^^^^^^^^^^^^^^^^^^^^^^^^^^^^^^^^^
  File "/home/adersha/MAIN PROJECT/flight-reservation-system/backend/venv/lib/python3.12/site-packages/django/db/models/query.py", line 633, in get
    raise self.model.DoesNotExist(
apps.flights.models.FlightInstance.DoesNotExist: FlightInstance matching query does not exist.

During handling of the above exception, another exception occurred:

Traceback (most recent call last):
  File "/home/adersha/MAIN PROJECT/flight-reservation-system/backend/apps/bookings/tests/test_views.py", line 376, in test_service_decrements_seats
    create_booking(self.flight.id, self.user, self.passengers)
  File "/home/adersha/MAIN PROJECT/flight-reservation-system/backend/apps/bookings/services.py", line 57, in create_booking
    raise ValidationError("Flight not found.")
django.core.exceptions.ValidationError: ['Flight not found.']

======================================================================
ERROR: test_service_raises_on_duplicate_confirmed (apps.bookings.tests.test_views.CreateBookingServiceTests.test_service_raises_on_duplicate_confirmed)
----------------------------------------------------------------------
Traceback (most recent call last):
  File "/home/adersha/MAIN PROJECT/flight-reservation-system/backend/apps/bookings/services.py", line 33, in create_booking
    resolved_flight_instance = _FI.objects.select_related('flight').get(pk=instance_pk)
                               ^^^^^^^^^^^^^^^^^^^^^^^^^^^^^^^^^^^^^^^^^^^^^^^^^^^^^^^^
  File "/home/adersha/MAIN PROJECT/flight-reservation-system/backend/venv/lib/python3.12/site-packages/django/db/models/query.py", line 633, in get
    raise self.model.DoesNotExist(
apps.flights.models.FlightInstance.DoesNotExist: FlightInstance matching query does not exist.

During handling of the above exception, another exception occurred:

Traceback (most recent call last):
  File "/home/adersha/MAIN PROJECT/flight-reservation-system/backend/apps/bookings/tests/test_views.py", line 391, in test_service_raises_on_duplicate_confirmed
    create_booking(self.flight.id, self.user, self.passengers)
  File "/home/adersha/MAIN PROJECT/flight-reservation-system/backend/apps/bookings/services.py", line 57, in create_booking
    raise ValidationError("Flight not found.")
django.core.exceptions.ValidationError: ['Flight not found.']

======================================================================
FAIL: test_service_raises_on_boarding_flight (apps.bookings.tests.test_views.CreateBookingServiceTests.test_service_raises_on_boarding_flight)
----------------------------------------------------------------------
Traceback (most recent call last):
  File "/home/adersha/MAIN PROJECT/flight-reservation-system/backend/apps/bookings/services.py", line 33, in create_booking
    resolved_flight_instance = _FI.objects.select_related('flight').get(pk=instance_pk)
                               ^^^^^^^^^^^^^^^^^^^^^^^^^^^^^^^^^^^^^^^^^^^^^^^^^^^^^^^^
  File "/home/adersha/MAIN PROJECT/flight-reservation-system/backend/venv/lib/python3.12/site-packages/django/db/models/query.py", line 633, in get
    raise self.model.DoesNotExist(
apps.flights.models.FlightInstance.DoesNotExist: FlightInstance matching query does not exist.

During handling of the above exception, another exception occurred:

django.core.exceptions.ValidationError: ['Flight not found.']

During handling of the above exception, another exception occurred:

Traceback (most recent call last):
  File "/home/adersha/MAIN PROJECT/flight-reservation-system/backend/apps/bookings/tests/test_views.py", line 424, in test_service_raises_on_boarding_flight
    with self.assertRaisesMessage(ValidationError, "Cannot book a flight that is already boarding."):
  File "/usr/lib/python3.12/contextlib.py", line 158, in __exit__
    self.gen.throw(value)
AssertionError: 'Cannot book a flight that is already boarding.' not found in "['Flight not found.']"

======================================================================
FAIL: test_service_raises_on_cancelled_flight (apps.bookings.tests.test_views.CreateBookingServiceTests.test_service_raises_on_cancelled_flight)
----------------------------------------------------------------------
Traceback (most recent call last):
  File "/home/adersha/MAIN PROJECT/flight-reservation-system/backend/apps/bookings/services.py", line 33, in create_booking
    resolved_flight_instance = _FI.objects.select_related('flight').get(pk=instance_pk)
                               ^^^^^^^^^^^^^^^^^^^^^^^^^^^^^^^^^^^^^^^^^^^^^^^^^^^^^^^^
  File "/home/adersha/MAIN PROJECT/flight-reservation-system/backend/venv/lib/python3.12/site-packages/django/db/models/query.py", line 633, in get
    raise self.model.DoesNotExist(
apps.flights.models.FlightInstance.DoesNotExist: FlightInstance matching query does not exist.

During handling of the above exception, another exception occurred:

django.core.exceptions.ValidationError: ['Flight not found.']

During handling of the above exception, another exception occurred:

Traceback (most recent call last):
  File "/home/adersha/MAIN PROJECT/flight-reservation-system/backend/apps/bookings/tests/test_views.py", line 408, in test_service_raises_on_cancelled_flight
    with self.assertRaisesMessage(ValidationError, "Cannot book a flight that is already cancelled."):
  File "/usr/lib/python3.12/contextlib.py", line 158, in __exit__
    self.gen.throw(value)
AssertionError: 'Cannot book a flight that is already cancelled.' not found in "['Flight not found.']"

======================================================================
FAIL: test_service_raises_on_departed_flight (apps.bookings.tests.test_views.CreateBookingServiceTests.test_service_raises_on_departed_flight)
----------------------------------------------------------------------
Traceback (most recent call last):
  File "/home/adersha/MAIN PROJECT/flight-reservation-system/backend/apps/bookings/services.py", line 33, in create_booking
    resolved_flight_instance = _FI.objects.select_related('flight').get(pk=instance_pk)
                               ^^^^^^^^^^^^^^^^^^^^^^^^^^^^^^^^^^^^^^^^^^^^^^^^^^^^^^^^
  File "/home/adersha/MAIN PROJECT/flight-reservation-system/backend/venv/lib/python3.12/site-packages/django/db/models/query.py", line 633, in get
    raise self.model.DoesNotExist(
apps.flights.models.FlightInstance.DoesNotExist: FlightInstance matching query does not exist.

During handling of the above exception, another exception occurred:

django.core.exceptions.ValidationError: ['Flight not found.']

During handling of the above exception, another exception occurred:

Traceback (most recent call last):
  File "/home/adersha/MAIN PROJECT/flight-reservation-system/backend/apps/bookings/tests/test_views.py", line 416, in test_service_raises_on_departed_flight
    with self.assertRaisesMessage(ValidationError, "Cannot book a flight that is already departed."):
  File "/usr/lib/python3.12/contextlib.py", line 158, in __exit__
    self.gen.throw(value)
AssertionError: 'Cannot book a flight that is already departed.' not found in "['Flight not found.']"

======================================================================
FAIL: test_service_raises_on_past_departure_time (apps.bookings.tests.test_views.CreateBookingServiceTests.test_service_raises_on_past_departure_time)
----------------------------------------------------------------------
Traceback (most recent call last):
  File "/home/adersha/MAIN PROJECT/flight-reservation-system/backend/apps/bookings/services.py", line 33, in create_booking
    resolved_flight_instance = _FI.objects.select_related('flight').get(pk=instance_pk)
                               ^^^^^^^^^^^^^^^^^^^^^^^^^^^^^^^^^^^^^^^^^^^^^^^^^^^^^^^^
  File "/home/adersha/MAIN PROJECT/flight-reservation-system/backend/venv/lib/python3.12/site-packages/django/db/models/query.py", line 633, in get
    raise self.model.DoesNotExist(
apps.flights.models.FlightInstance.DoesNotExist: FlightInstance matching query does not exist.

During handling of the above exception, another exception occurred:

django.core.exceptions.ValidationError: ['Flight not found.']

During handling of the above exception, another exception occurred:

Traceback (most recent call last):
  File "/home/adersha/MAIN PROJECT/flight-reservation-system/backend/apps/bookings/tests/test_views.py", line 434, in test_service_raises_on_past_departure_time
    with self.assertRaisesMessage(ValidationError, "Cannot book a flight that has already departed."):
  File "/usr/lib/python3.12/contextlib.py", line 158, in __exit__
    self.gen.throw(value)
AssertionError: 'Cannot book a flight that has already departed.' not found in "['Flight not found.']"

======================================================================
FAIL: test_update_flight_allocates_waitlist_seats (apps.flights.tests.test_views.FlightAPITests.test_update_flight_allocates_waitlist_seats)
PUT /api/flights/<id>/update/ that increases available_seats triggers waitlist allocation.
----------------------------------------------------------------------
Traceback (most recent call last):
  File "/home/adersha/MAIN PROJECT/flight-reservation-system/backend/apps/flights/tests/test_views.py", line 412, in test_update_flight_allocates_waitlist_seats
    self.assertEqual(response.data["available_seats"], 0)
AssertionError: 2 != 0

======================================================================
FAIL: test_join_waitlist_duplicate (apps.waitlist.tests.test_views.WaitlistTests.test_join_waitlist_duplicate)
----------------------------------------------------------------------
Traceback (most recent call last):
  File "/home/adersha/MAIN PROJECT/flight-reservation-system/backend/apps/waitlist/tests/test_views.py", line 113, in test_join_waitlist_duplicate
    self.assertEqual(
AssertionError: 'You are already on the waitlist for this flight.' != 'You are already on the waitlist for this flight'
- You are already on the waitlist for this flight.
?                                                -
+ You are already on the waitlist for this flight


----------------------------------------------------------------------
Ran 145 tests in 82.827s

FAILED (failures=6, errors=5)
Destroying test database for alias 'default'...
Inside atomic
Select for update succeeded
Found 145 test(s).
System check identified no issues (0 silenced).
